// Jest Snapshot v1, https://goo.gl/fbAQLP

exports[`Graphql status It should respond with a success message 1`] = `
Object {
  "data": Object {
    "status": "GraphQL status: OK",
  },
}
`;
